
> react-kavia@0.1.0 start
> react-scripts start

Attempting to bind to HOST environment variable: 0.0.0.0
If this was unintentional, check that you haven't mistakenly set it in your shell.
Learn more here: https://cra.link/advanced-config

(node:10094) [DEP_WEBPACK_DEV_SERVER_ON_AFTER_SETUP_MIDDLEWARE] DeprecationWarning: 'onAfterSetupMiddleware' option is deprecated. Please use the 'setupMiddlewares' option.
(Use `node --trace-deprecation ...` to show where the warning was created)
(node:10094) [DEP_WEBPACK_DEV_SERVER_ON_BEFORE_SETUP_MIDDLEWARE] DeprecationWarning: 'onBeforeSetupMiddleware' option is deprecated. Please use the 'setupMiddlewares' option.
Starting the development server...

Compiled with warnings.

[eslint] 
src/components/CricketScenarioGenerator.js
  Line 40:10:  'formTouched' is assigned a value but never used  no-unused-vars

src/components/RealtimeDataPanel.js
  Line 10:10:  'timestamp' is assigned a value but never used  no-unused-vars

Search for the keywords to learn more about each warning.
To ignore, add // eslint-disable-next-line to the line before.

WARNING in [eslint] 
src/components/CricketScenarioGenerator.js
  Line 40:10:  'formTouched' is assigned a value but never used  no-unused-vars

src/components/RealtimeDataPanel.js
  Line 10:10:  'timestamp' is assigned a value but never used  no-unused-vars

webpack compiled with 1 warning
Failed to compile.

Module not found: Error: Can't resolve './Sidebar' in '/home/kavia/workspace/code-generation/reactflask-uienhancer-10316-99b5e02d/react_frontend/src/components'
WARNING in [eslint] 
src/components/CricketScenarioGenerator.js
  Line 40:10:  'formTouched' is assigned a value but never used  no-unused-vars

src/components/RealtimeDataPanel.js
  Line 10:10:  'timestamp' is assigned a value but never used  no-unused-vars

ERROR in ./src/components/Layout.js 7:0-32
Module not found: Error: Can't resolve './Sidebar' in '/home/kavia/workspace/code-generation/reactflask-uienhancer-10316-99b5e02d/react_frontend/src/components'

webpack compiled with 1 error and 1 warning
Compiling...
Compiled with warnings.

[eslint] 
src/components/CricketScenarioGenerator.js
  Line 40:10:  'formTouched' is assigned a value but never used  no-unused-vars

src/components/RealtimeDataPanel.js
  Line 10:10:  'timestamp' is assigned a value but never used  no-unused-vars

Search for the keywords to learn more about each warning.
To ignore, add // eslint-disable-next-line to the line before.

WARNING in [eslint] 
src/components/CricketScenarioGenerator.js
  Line 40:10:  'formTouched' is assigned a value but never used  no-unused-vars

src/components/RealtimeDataPanel.js
  Line 10:10:  'timestamp' is assigned a value but never used  no-unused-vars

webpack compiled with 1 warning
Compiling...
Compiled with warnings.

[eslint] 
src/components/CricketScenarioGenerator.js
  Line 40:10:  'formTouched' is assigned a value but never used  no-unused-vars

src/components/RealtimeDataPanel.js
  Line 10:10:  'timestamp' is assigned a value but never used  no-unused-vars

Search for the keywords to learn more about each warning.
To ignore, add // eslint-disable-next-line to the line before.

WARNING in [eslint] 
src/components/CricketScenarioGenerator.js
  Line 40:10:  'formTouched' is assigned a value but never used  no-unused-vars

src/components/RealtimeDataPanel.js
  Line 10:10:  'timestamp' is assigned a value but never used  no-unused-vars

webpack compiled with 1 warning
Compiling...
Compiled with warnings.

[eslint] 
src/components/CricketScenarioGenerator.js
  Line 40:10:  'formTouched' is assigned a value but never used  no-unused-vars

src/components/RealtimeDataPanel.js
  Line 10:10:  'timestamp' is assigned a value but never used  no-unused-vars

Search for the keywords to learn more about each warning.
To ignore, add // eslint-disable-next-line to the line before.

WARNING in [eslint] 
src/components/CricketScenarioGenerator.js
  Line 40:10:  'formTouched' is assigned a value but never used  no-unused-vars

src/components/RealtimeDataPanel.js
  Line 10:10:  'timestamp' is assigned a value but never used  no-unused-vars

webpack compiled with 1 warning
Compiling...
Compiled with warnings.

[eslint] 
src/components/CricketScenarioGenerator.js
  Line 40:10:  'formTouched' is assigned a value but never used  no-unused-vars

src/components/RealtimeDataPanel.js
  Line 10:10:  'timestamp' is assigned a value but never used  no-unused-vars

Search for the keywords to learn more about each warning.
To ignore, add // eslint-disable-next-line to the line before.

WARNING in [eslint] 
src/components/CricketScenarioGenerator.js
  Line 40:10:  'formTouched' is assigned a value but never used  no-unused-vars

src/components/RealtimeDataPanel.js
  Line 10:10:  'timestamp' is assigned a value but never used  no-unused-vars

webpack compiled with 1 warning
